2026-05-28 03:45:48,485 - commands - Command: tasklist | Host: DESKTOP-RDHIAJV | Status: success | Output: 
Image Name                     PID Session Name        Session#    Mem Usage
======================...
2026-05-28 03:46:00,997 - commands - Command: ipconfig | Host: DESKTOP-RDHIAJV | Status: success | Output: 
Windows IP Configuration


Ethernet adapter Ethernet:

   Media State . . . . . . . . . . . : Media...
2026-05-28 03:46:16,475 - commands - Command: whoami | Host: DESKTOP-RDHIAJV | Status: success | Output: hp
...
2026-05-28 03:46:28,731 - commands - Command: systeminfo | Host: DESKTOP-RDHIAJV | Status: success | Output: 
Host Name:                 DESKTOP-RDHIAJV
OS Name:                   Microsoft Windows 10 Pro
OS V...
2026-05-28 03:47:38,556 - commands - Command: tasklist | Host: DESKTOP-RDHIAJV | Status: success | Output: 
Image Name                     PID Session Name        Session#    Mem Usage
======================...
2026-05-28 03:50:42,178 - commands - Command: tasklist | Host: DESKTOP-RDHIAJV | Status: success | Output: 
Image Name                     PID Session Name        Session#    Mem Usage
======================...
2026-05-28 03:51:24,596 - commands - Command: tasklist | Host: DESKTOP-RDHIAJV | Status: success | Output: 
Image Name                     PID Session Name        Session#    Mem Usage
======================...
2026-05-28 04:29:21,073 - commands - Command: taskkill | Host: DESKTOP-RDHIAJV | Status: success | Output: ERROR: The process "{process_name}" not found.
...
2026-05-28 04:29:30,675 - commands - Command: tasklist | Host: DESKTOP-RDHIAJV | Status: success | Output: 
Image Name                     PID Session Name        Session#    Mem Usage
======================...
2026-05-28 04:29:41,807 - commands - Command: taskkill | Host: DESKTOP-RDHIAJV | Status: success | Output: ERROR: The process "{process_name}" not found.
...
2026-05-28 04:29:45,855 - commands - Command: ipconfig | Host: DESKTOP-RDHIAJV | Status: success | Output: 
Windows IP Configuration


Ethernet adapter Ethernet:

   Media State . . . . . . . . . . . : Media...
2026-05-28 04:29:54,453 - commands - Command: whoami | Host: DESKTOP-RDHIAJV | Status: success | Output: hp
...
2026-05-28 04:30:05,875 - commands - Command: systeminfo | Host: DESKTOP-RDHIAJV | Status: success | Output: 
Host Name:                 DESKTOP-RDHIAJV
OS Name:                   Microsoft Windows 10 Pro
OS V...
2026-05-28 04:30:34,453 - commands - Command: taskkill | Host: DESKTOP-RDHIAJV | Status: success | Output: ERROR: The process "{process_name}" not found.
...
2026-05-28 05:25:14,174 - commands - Command: tasklist | Host: LOQ-15IAX9 | Status: success | Output: 
Image Name                     PID Session Name        Session#    Mem Usage
======================...
2026-05-28 05:25:14,181 - commands - Command: tasklist | Host: LOQ-15IAX9 | Status: success | Output: 
Image Name                     PID Session Name        Session#    Mem Usage
======================...
2026-05-28 05:25:34,348 - commands - Command: taskkill | Host: LOQ-15IAX9 | Status: success | Output: ERROR: The process "{process_name}" not found.
...
2026-05-28 05:25:34,359 - commands - Command: taskkill | Host: LOQ-15IAX9 | Status: success | Output: ERROR: The process "{process_name}" not found.
...
2026-05-28 05:25:48,186 - commands - Command: ipconfig | Host: LOQ-15IAX9 | Status: success | Output: 
Windows IP Configuration


Wireless LAN adapter Wi-Fi:

   Media State . . . . . . . . . . . : Medi...
2026-05-28 05:25:48,191 - commands - Command: ipconfig | Host: LOQ-15IAX9 | Status: success | Output: 
Windows IP Configuration


Wireless LAN adapter Wi-Fi:

   Media State . . . . . . . . . . . : Medi...
2026-05-28 05:28:49,734 - commands - Command: whoami | Host: LOQ-15IAX9 | Status: success | Output: LENOVO
...
2026-05-28 05:28:49,741 - commands - Command: whoami | Host: LOQ-15IAX9 | Status: success | Output: LENOVO
...
2026-05-28 05:32:46,315 - commands - Command: tasklist | Host: DESKTOP-RDHIAJV | Status: success | Output: 
Image Name                     PID Session Name        Session#    Mem Usage
======================...
2026-05-28 05:32:46,322 - commands - Command: tasklist | Host: DESKTOP-RDHIAJV | Status: success | Output: 
Image Name                     PID Session Name        Session#    Mem Usage
======================...
2026-05-28 05:49:44,499 - commands - Command: tasklist | Host: LOQ-15IAX9 | Status: success | Output: 
Image Name                     PID Session Name        Session#    Mem Usage
======================...
2026-05-28 05:49:49,274 - commands - Command: ipconfig | Host: LOQ-15IAX9 | Status: success | Output: 
Windows IP Configuration


Wireless LAN adapter Wi-Fi:

   Media State . . . . . . . . . . . : Medi...
2026-05-28 05:49:54,068 - commands - Command: whoami | Host: LOQ-15IAX9 | Status: success | Output: LENOVO
...
2026-05-28 05:50:05,113 - commands - Command: systeminfo | Host: LOQ-15IAX9 | Status: success | Output: 
Host Name:                     LOQ-15IAX9
OS Name:                       Microsoft Windows 11 Home ...
2026-05-28 05:50:15,909 - commands - Command: taskkill | Host: LOQ-15IAX9 | Status: success | Output: ERROR: The process "{process_name}" not found.
...
2026-05-28 05:53:59,935 - commands - Command: taskkill | Host: DESKTOP-MH6IF27 | Status: success | Output: ERROR: The process "{process_name}" not found.
...
2026-05-28 05:59:41,887 - commands - Command: tasklist | Host: DESKTOP-RDHIAJV | Status: success | Output: 
Image Name                     PID Session Name        Session#    Mem Usage
======================...
2026-05-28 05:59:59,529 - commands - Command: taskkill | Host: DESKTOP-RDHIAJV | Status: success | Output: ERROR: The process "{process_name}" not found.
...
2026-05-28 06:00:07,223 - commands - Command: taskkill | Host: DESKTOP-RDHIAJV | Status: success | Output: ERROR: The process "{process_name}" not found.
...
2026-05-28 06:02:41,570 - commands - Command: tasklist | Host: LOQ-15IAX9 | Status: success | Output: 
Image Name                     PID Session Name        Session#    Mem Usage
======================...
2026-05-28 06:03:06,353 - commands - Command: taskkill | Host: LOQ-15IAX9 | Status: success | Output: ERROR: Invalid argument/option - 'g.'.
Type "TASKKILL /?" for usage.
...
2026-05-28 06:03:14,333 - commands - Command: taskkill | Host: LOQ-15IAX9 | Status: success | Output: SUCCESS: The process "explorer.exe" with PID 10552 has been terminated.
SUCCESS: The process "explor...
2026-05-28 06:11:26,709 - commands - Command: tasklist | Host: DESKTOP-MH6IF27 | Status: success | Output: 
Image Name                     PID Session Name        Session#    Mem Usage
======================...
2026-05-28 06:12:06,833 - commands - Command: taskkill | Host: DESKTOP-MH6IF27 | Status: success | Output: SUCCESS: The process "Spotify.exe" with PID 11000 has been terminated.
SUCCESS: The process "Spotify...
2026-05-29 10:29:17,822 - commands - Command: tasklist | Host: DESKTOP-RDHIAJV | Status: success | Output: 
Image Name                     PID Session Name        Session#    Mem Usage
======================...
2026-05-29 10:29:30,004 - commands - Command: tasklist | Host: DESKTOP-RDHIAJV | Status: success | Output: 
Image Name                     PID Session Name        Session#    Mem Usage
======================...
2026-05-29 10:29:52,367 - commands - Command: taskkill | Host: DESKTOP-RDHIAJV | Status: success | Output: SUCCESS: The process "WINWORD.EXE" with PID 7472 has been terminated.
...
2026-05-29 10:49:16,650 - commands - Command: restart | Host: DESKTOP-RDHIAJV | Status: success | Output: ...
2026-05-29 13:52:26,264 - commands - Command: tasklist | Host: expertskydr1v3 | Status: success | Output: 
Image Name                     PID Session Name        Session#    Mem Usage
======================...
2026-05-29 13:52:45,108 - commands - Command: tasklist | Host: expertskydr1v3 | Status: success | Output: 
Image Name                     PID Session Name        Session#    Mem Usage
======================...
2026-05-29 13:52:59,477 - commands - Command: taskkill | Host: expertskydr1v3 | Status: success | Output: ERROR: The process "WIN" not found.
...
2026-05-29 13:53:04,808 - commands - Command: taskkill | Host: expertskydr1v3 | Status: success | Output: SUCCESS: The process "WINWORD.EXE" with PID 12332 has been terminated.
...
2026-05-29 13:53:14,939 - commands - Command: restart | Host: expertskydr1v3 | Status: success | Output: ...
2026-05-29 13:53:21,600 - commands - Command: cancel_shutdown | Host: expertskydr1v3 | Status: success | Output: ...
2026-05-29 14:17:12,370 - commands - Command: shutdown | Host: Aprilia13- | Status: success | Output: ...
2026-05-29 14:17:18,407 - commands - Command: cancel_shutdown | Host: Aprilia13- | Status: success | Output: ...
2026-05-29 14:28:39,485 - commands - Command: restart | Host: Aprilia13- | Status: success | Output: ...
2026-05-29 14:28:45,120 - commands - Command: cancel_shutdown | Host: Aprilia13- | Status: success | Output: ...
2026-05-29 15:08:13,632 - commands - Command: shutdown | Host: LAPTOP-UHSOPLSO | Status: success | Output: ...
2026-05-29 15:08:20,386 - commands - Command: cancel_shutdown | Host: LAPTOP-UHSOPLSO | Status: success | Output: ...
2026-05-29 16:50:16,934 - commands - Command: shutdown | Host: HYPEG12 | Status: success | Output: ...
2026-05-29 16:50:24,022 - commands - Command: cancel_shutdown | Host: HYPEG12 | Status: success | Output: ...
2026-05-29 22:08:28,503 - commands - Command: shutdown | Host: LOQ-15IAX9 | Status: success | Output: ...
2026-05-29 22:08:38,091 - commands - Command: cancel_shutdown | Host: LOQ-15IAX9 | Status: success | Output: ...
2026-05-30 22:21:31,307 - commands - Command: tasklist | Host: LOQ-15IAX9 | Status: success | Output: Image Name                     PID Session Name        Session#    Mem Usage
=======================...
2026-05-30 22:21:37,620 - commands - Command: ipconfig | Host: LOQ-15IAX9 | Status: success | Output: Windows IP Configuration


Wireless LAN adapter Wi-Fi:

   Media State . . . . . . . . . . . : Media...
2026-05-30 22:21:48,342 - commands - Command: ipconfig | Host: LOQ-15IAX9 | Status: success | Output: Windows IP Configuration


Wireless LAN adapter Wi-Fi:

   Media State . . . . . . . . . . . : Media...
2026-05-30 22:21:56,508 - commands - Command: whoami | Host: LOQ-15IAX9 | Status: success | Output: LENOVO...
2026-05-30 22:22:05,143 - commands - Command: systeminfo | Host: LOQ-15IAX9 | Status: success | Output: Host Name:                     LOQ-15IAX9
OS Name:                       Microsoft Windows 11 Home S...
2026-05-30 22:22:18,115 - commands - Command: ipconfig | Host: LOQ-15IAX9 | Status: success | Output: Windows IP Configuration


Wireless LAN adapter Wi-Fi:

   Media State . . . . . . . . . . . : Media...
2026-05-30 22:24:28,355 - commands - Command: ipconfig | Host: LOQ-15IAX9 | Status: success | Output: Windows IP Configuration


Wireless LAN adapter Wi-Fi:

   Media State . . . . . . . . . . . : ...
2026-05-30 22:24:36,946 - commands - Command: tasklist | Host: LOQ-15IAX9 | Status: success | Output: Image Name                     PID Session Name        Session#    Mem Usage
======================...
2026-05-30 22:24:48,309 - commands - Command: systeminfo | Host: LOQ-15IAX9 | Status: success | Output: Host Name:                     LOQ-15IAX9
OS Name:                       Microsoft Windows 11 Home ...
2026-05-30 22:24:52,095 - commands - Command: ipconfig | Host: LOQ-15IAX9 | Status: success | Output: Windows IP Configuration


Wireless LAN adapter Wi-Fi:

   Media State . . . . . . . . . . . : ...
2026-05-30 22:28:11,058 - commands - Command: ipconfig | Host: LOQ-15IAX9 | Status: success | Output: Windows IP Configuration


Wireless LAN adapter Wi-Fi:

   Media State . . . . . . . . . . . : ...
